// Jest Snapshot v1, https://goo.gl/fbAQLP

exports[`matches snapshot 1`] = `
<DocumentFragment>
  <div
    class="App"
  >
    <div>
      <h3>
        Box List
      </h3>
      <form>
        <div>
          <label
            for="backgroundColor"
          >
            Color:
          </label>
          <input
            id="backgroundColor"
            name="backgroundColor"
            placeholder="Background Color"
            type="text"
            value=""
          />
        </div>
        <div>
          <label
            for="width"
          >
            Width:
          </label>
          <input
            id="width"
            name="width"
            type="text"
            value=""
          />
        </div>
        <div>
          <label
            for="height"
          >
            Height:
          </label>
          <input
            id="height"
            name="height"
            type="text"
            value=""
          />
        </div>
        <button>
          Add Box
        </button>
      </form>
      <div />
    </div>
  </div>
</DocumentFragment>
`;
